{
  "name": "my-package",
  "version": "1.0.0",
  "main": "index.ts",
  "types": "index.ts",
  "scripts": {},
  "dependencies": {
    "react": "^18.0.0"
  },
  "devDependencies": {
    "typescript": "^5.2.2"
  }
}
