{
  "name": "my-package",
  "version": "1.0.0",
  "main": "build/index.js",
  "types": "build/index.js"
}
